            capture             rows    incomplete    mean_rpm    angle_rms_rad    angle_bias_rad    angle_std_rad    angle_max_rad    lock_fraction    active_fraction     mean_id_a     mean_iq_a
    ________________________    ____    __________    ________    _____________    ______________    _____________    _____________    _____________    _______________    ___________    _________

    "3v_ab_aborted.csv"         248       true         382.98         1.1325           -0.5201           1.0081           1.8317                0              0              0.088153     0.10287
    "3v_bidir40_final_0.csv"    512       false        361.22        0.10291           0.08953         0.050788          0.20936                1              0            0.00011025    0.024236
    "3v_bidir40_final_1.csv"    512       false        362.88       0.098287          0.084726         0.049868          0.20458          0.79883              0           -0.00034254    0.023348
    "3v_bidir40_final_2.csv"    512       false        357.26        0.11229           0.10366         0.043207          0.20179                1              0            -0.0020082    0.026235
    "3v_bidir50_0.csv"          512       false        454.51        0.23806           0.22074         0.089227          0.39982         0.041016              0           -0.00083203    0.024225
    "3v_bidir50_1.csv"          512       false        454.15        0.23957           0.22391         0.085278          0.39865          0.23047              0           -0.00020682     0.02514
    "3v_bidir50_2.csv"          512       false         453.2        0.23493           0.22021         0.081931          0.37682          0.49805              0           -0.00055876    0.026049
    "3v_fast_0.csv"             512       false        461.86        0.10473          0.075267         0.072902          0.29311         0.023438              0            0.00077529    0.030068
    "3v_fast_1.csv"             512       false        935.29        0.35915           0.33762           0.1226          0.57655         0.060547              0           -0.00045679    0.029283
    "3v_fast_2.csv"             512       false        1134.3         0.4298           0.42014         0.090692          0.63693                1              0               0.04872    0.017533
    "3v_low_current_0.csv"      512       false        653.19        0.63483           0.62466          0.11325          0.87529                0              0              0.063259     0.03986
    "3v_low_current_1.csv"      512       false        704.61        0.75867           0.75531         0.071372          0.92065                0              0               0.11407    0.045266
    "3v_low_current_2.csv"      512       false        704.32        0.75765           0.75486         0.065007          0.89507                0              0               0.11189    0.044821
    "3v_obs2000_0.csv"          512       false        363.21        0.19609           0.18788         0.056185          0.32532          0.18359              0            -0.0015536    0.023699
    "3v_obs2000_1.csv"          512       false        359.91        0.18881           0.18108         0.053514           0.2966           0.1582              0             0.0015964    0.024067
    "3v_obs2000_2.csv"          512       false        368.57        0.17855           0.16865         0.058702          0.31473          0.12305              0             0.0003585    0.023734
    "3v_read_timing_0.csv"      512       false        362.16        0.13425           0.12689         0.043903          0.22812                1              0            -0.0012673    0.024609
    "3v_read_timing_1.csv"      512       false         358.5        0.14696           0.14001          0.04471           0.2465          0.88086              0           -0.00095115    0.024525
    "3v_read_timing_2.csv"      512       false         355.4        0.14593           0.13735         0.049362          0.23803                1              0             0.0022183    0.025289
    "3v_rms30_0.csv"            512       false        270.17        0.15356           0.14551         0.049097           0.2575                1              0            0.00029248    0.022592
    "3v_rms30_1.csv"            512       false        270.78        0.15079           0.14454         0.042987          0.24148                1              0            1.5478e-05    0.024795
    "3v_rms30_2.csv"            512       false        266.62        0.16019           0.15511         0.040065          0.24677                1              0           -0.00011649    0.023393
    "3v_rms40_0.csv"            512       false        364.34        0.15265           0.14474         0.048559          0.25287           0.5293              0            -0.0010357    0.025321
    "3v_rms40_1.csv"            512       false        360.17        0.16005           0.15526         0.038926          0.23836          0.91797              0           -0.00050757    0.024345
    "3v_rms40_2.csv"            512       false        356.89        0.15917           0.14932         0.055177          0.26522                1              0            0.00051124    0.025211
    "3v_speed_0.csv"            512       false        356.45        0.10436          0.092769         0.047856           0.1908         0.035156              0             0.0019214    0.025616
    "3v_speed_1.csv"            512       false        361.04        0.10355          0.090192          0.05093          0.18892                0              0            0.00029116    0.026083
    "3v_speed_2.csv"            512       false        364.84       0.099399          0.085833         0.050176          0.21153                0              0           -0.00092181    0.023731
