         capture         rows    pll_mean_rad_s    encoder_mean_rad_s    encoder_error_rms_rad    internal_phase_rms_rad    lock_fraction    active_fraction    mean_emf_v
    _________________    ____    ______________    __________________    _____________________    ______________________    _____________    _______________    __________

    "direct_01_0.csv"    512       -0.0042257           -0.022928                1.3168                 0.0085596                 0                 0             2.0406
    "direct_01_1.csv"    512           155.35              157.37               0.26905                    0.2775                 0                 0            0.92227
    "direct_01_2.csv"    512           279.89              280.33               0.10998                   0.19207                 0                 0              1.339
    "direct_02_0.csv"    512         -0.68278         -4.1988e-05                2.0317                   0.15365                 0                 0            0.18045
    "direct_02_1.csv"    512           155.63              157.73              0.057635                   0.07929                 1                 0             0.5575
    "direct_02_2.csv"    512           280.59              280.87               0.12759                  0.039227                 1                 1            0.95291
    "direct_02_3.csv"    512           284.28              284.92               0.13902                  0.041734                 1                 1            0.96918
    "direct_02_4.csv"    512           281.44              281.59               0.14427                  0.037296                 1                 1            0.95568
    "direct_02_5.csv"    512           282.84              282.74               0.12929                  0.035535                 1                 1            0.95874
    "direct_02_6.csv"    512           280.98              281.71               0.13068                  0.033097                 1                 1            0.95734
    "direct_02_7.csv"    512            282.4              282.62                0.1487                  0.035356                 1                 1            0.96161
    "direct_03_0.csv"    512        -0.044673                 NaN                   NaN                   0.15282                 0                 0            0.16419
    "direct_03_1.csv"    512           190.93                 NaN                   NaN                  0.057911                 1                 0            0.67996
    "direct_03_2.csv"    512            277.7                 NaN                   NaN                  0.038764                 1                 1            0.93984
    "direct_03_3.csv"    512           277.37                 NaN                   NaN                  0.037106                 1                 1             0.9328
    "direct_03_4.csv"    512           278.99                 NaN                   NaN                  0.033499                 1                 1            0.94247
    "direct_03_5.csv"    512           280.39                 NaN                   NaN                  0.034526                 1                 1            0.94812
    "direct_03_6.csv"    512           278.12                 NaN                   NaN                  0.035818                 1                 1            0.93792
    "direct_04_0.csv"    512          0.71119                 NaN                   NaN                   0.20342                 0                 0            0.15142
    "direct_04_1.csv"    512              176                 NaN                   NaN                  0.063725                 1                 0            0.62088
    "direct_04_2.csv"    512           279.69                 NaN                   NaN                  0.031202                 1                 1            0.93408
    "direct_04_3.csv"    512           278.94                 NaN                   NaN                  0.031976                 1                 1            0.92694
    "direct_04_4.csv"    512           277.45                 NaN                   NaN                  0.032504                 1                 1            0.92208
    "direct_04_5.csv"    512           280.39                 NaN                   NaN                  0.033519                 1                 1            0.93876
    "direct_04_6.csv"    512           275.95                 NaN                   NaN                  0.039856                 1                 1            0.91598
